// Jest Snapshot v1, https://goo.gl/fbAQLP

exports[`Tests for signin screen should render correctly 1`] = `[Function]`;
